Python executable:
/usr/local/bin/python3.7
Python version:
Python 3.7.5
PYTHONPATH=/usr/local/lib/python3.7/site-packages:/MAGICAL/flow/python:
Check magicalFlow import:
<module 'magicalFlow' from '/usr/local/lib/python3.7/site-packages/magicalFlow.cpython-37m-x86_64-linux-gnu.so'>
[WRN 2026-05-12 14:03:00     0 sec]  Ideaplace: Using file parser readSymFile. This is designed for internal debugging only and may not be kept maintained 
[WRN 2026-05-12 14:03:00     0 sec]  Ideaplace: Using file parser readSymNetFile. This is designed for internal debugging only and may not be kept maintained 
[INF 2026-05-12 14:03:00     0 sec]  Symnet parser: reading ./inverter_core.symnet...
[INF 2026-05-12 14:03:00     0 sec]  Ideaplace: Entering global placement...
[INF 2026-05-12 14:03:00     0 sec]  NlpWnconj::initBoundaryParams: automatical set boundary to be Box:x = [-7.98436,7.98436];y = [-9.39336,9.39336]: 
[INF 2026-05-12 14:03:00     0 sec]  Ideaplace global placement:: number of operators 5, hpwl 4 ovl 1 oob 0 asym 0 sigFlow 0 power 0 crf 
[INF 2026-05-12 14:03:00     0 sec]  First order NLP: iter 0 
[INF 2026-05-12 14:03:00     0 sec]  First order NLP: iter 1 
[INF 2026-05-12 14:03:00     0 sec]  Ideaplace: Entering legalization and detailed placement...
[INF 2026-05-12 14:03:00     0 sec]  CG legalizer: legalize horizontal LP...
[INF 2026-05-12 14:03:00     0 sec]  LP legalization solver: LP optimal 
[INF 2026-05-12 14:03:00     0 sec]  CG legalizer: legalize vertical LP...
[INF 2026-05-12 14:03:00     0 sec]  LP legalization solver: LP optimal 
[INF 2026-05-12 14:03:00     0 sec]  CG legalizer: detailed placement horizontal LP...
[INF 2026-05-12 14:03:00     0 sec]  LP legalization solver: LP optimal 
[INF 2026-05-12 14:03:00     0 sec]  CG legalizer: detailed placement vertical LP...
[INF 2026-05-12 14:03:00     0 sec]  LP legalization solver: LP optimal 
[INF 2026-05-12 14:03:00     0 sec]  CG legalizer: detailed placement horizontal LP...
[INF 2026-05-12 14:03:00     0 sec]  LP legalization solver: LP optimal 
[INF 2026-05-12 14:03:00     0 sec]  CG legalizer: detailed placement vertical LP...
[INF 2026-05-12 14:03:00     0 sec]  LP legalization solver: LP optimal 
[INF 2026-05-12 14:03:00     0 sec]  Ideaplace: Assigning IO pin...
[INF 2026-05-12 14:03:00     0 sec]  IdeaPlaceEx:: HPWL 4100 
[INF 2026-05-12 14:03:00     0 sec]  IdeaPlaceEx:: HPWL with virtual pin: 4100 
[INF 2026-05-12 14:03:00     0 sec]  


OVERFLOW: crf 0 
 HPWL: path 0 
 

[INF 2026-05-12 14:03:00     0 sec]  Ideaplace: Aligning the placement to grid...
[INF 2026-05-12 14:03:00     0 sec]  Align to grid 200 
[INF 2026-05-12 14:03:00     0 sec]  Alignment symaxis 11700 
[INF 2026-05-12 14:03:00     0 sec]  Ideaplace: finished alignment
[INF 2026-05-12 14:03:00     0 sec]  IDEAPLACE::align cell 0 inverter_core_M0 center 10500 11400
 [INF 2026-05-12 14:03:00     0 sec]  IDEAPLACE::align cell 1 inverter_core_M1 center 12300 11500
 [INF 2026-05-12 14:03:00     1 sec]  Flow::GdsWriter:: Write circuit inverter_core layout to ./inverter_core.place.gds 
[INF 2026-05-12 14:03:00     1 sec]  Flow::GdsWriter:: Write circuit inverter_core layout to ./inverter_core.place.gds 





DrMgr::solve Start Detailed Routing
DrSymmetry::solve Start max symmetric detection
DrSymmetry::solve Self-sym: A
DrSymmetry::solve Sym:      Y VGND
DrSymmetry::solve Self-sym: VPWR

DrGridRoute::runNRR	Iteration 0 Unrouted nets 0,Parsing LEF file ../sky130PDK/sky130.lef
Parsing Tech file ../sky130PDK/sky130.techfile
Parsing placement GDS layout file ./inverter_core.place.gds
AcsMgr::computeAcs Start Access Points Generation
AcsMgr::computeAcs Start Access Points Generation

DrGridRoute::solveDR Solved!!!!

DrGridRoute::runNRR	Iteration 0 Unrouted nets 3, VGND Y A
DrGridAstar::run	Route net A, Sym: 0, SelfSym: 1, StrictDRC: 1 
DrGridAstar::run	Route net A, Sym: 0, SelfSym: 0, StrictDRC: 1 
DrGridAstar::run	Route net Y, Sym: 1, SelfSym: 0, StrictDRC: 1 
DrGridAstar::run	Route net Y, Sym: 0, SelfSym: 0, StrictDRC: 1 
DrGridAstar::run	Route net VGND, Sym: 1, SelfSym: 0, StrictDRC: 1 
DrGridAstar::run	Route net VGND, Sym: 0, SelfSym: 0, StrictDRC: 1 
DrGridRoute::solveDR Solved!!!!
Net A, wl: 4000, #via: 0, area: 880000.00, degSym: 0.00
Net Y, wl: 3600, #via: 2, area: 1432000.00, degSym: 0.00
Net VPWR 1-pin ignored
Net VGND, wl: 5600, #via: 5, area: 3153600.00, degSym: 0.00
---------- Anaroute             total  time usage -----------
Real: 0.002415s; User: 0.000495s; System: 0.001210s

Total wl: 13200, Total #via: 7, Total Sym wl: 0, Total degSym: 0.0000, Avg degSym: 0.0000

========================================================
    MAGICAL: Machine Generated Analog IC Layout            
        https://github.com/magical-eda/MAGICAL
========================================================
[I] parameters = {'spectre_netlist': 'inverter_clean.sp', 'hspice_netlist': None, 'simple_tech_file': '../sky130PDK/sky130.techfile.simple', 'resultDir': './'}
PnR: working on  inverter_core
add pin 0 to cell inverter_core_M0
add pin 1 to cell inverter_core_M0
add pin 2 to cell inverter_core_M0
add pin 0 to cell inverter_core_M1
add pin 1 to cell inverter_core_M1
add pin 2 to cell inverter_core_M1
add pin 3 to cell inverter_core_M1
computeAndAddPowerCurrentFlow
placement finished:  inverter_core runtime 0.012397289276123047
origin,  10300 10400
node  inverter_core_M0 0 400
inverter_core_M0 inverter_core_M0 0 400 PLACEMENT
node  inverter_core_M1 1800 0
inverter_core_M1 inverter_core_M1 1800 0 PLACEMENT
Adding GuardRing to Cell
origin 10300 10400
addPowerStripe length  2950 4050
width 4450
width 4600
fWidth 4.6
width,  4.9999999999999964 height 0.6 vdd offset -0.8999999999999984 3.775
width,  4.9999999999999964 height 0.6 vss offset -0.8999999999999984 -2.9
generated vdd
generated vss
PnR: placement finished  inverter_core
runtime  0.05102181434631348
runtime,  0.012397289276123047
addPin 0 False 0
addShape2Pin 0 0 -100 3100 900 3300
addPin 1 False 0
addShape2Pin 1 0 3500 4300 4500 4500
addPin 2 False 0
addShape2Pin 2 0 700 700 900 2900
addPin 3 False 0
addShape2Pin 3 0 4300 -100 4500 4100
addPin 4 False 0
addShape2Pin 4 5 2700 -900 5300 -700
addPin 5 False 0
addShape2Pin 5 0 -100 700 100 2900
addPin sub 6 False False
addShape2Pin psub shape 5 -1300 -2100 6500 -1900
setwidth inverter_core A 0.1
setvia 2 1 2
addNet netname A width 200 cuts 2 isPower False rows 1 cols 2
addPin2Net  0 0
addPin2Net  1 0
setwidth inverter_core Y 0.1
setvia 2 1 2
addNet netname Y width 200 cuts 2 isPower False rows 1 cols 2
addPin2Net  2 1
addPin2Net  3 1
setwidth inverter_core VPWR 0.1
setvia 2 1 2
addNet netname VPWR width 200 cuts 2 isPower False rows 1 cols 2
addPin2Net  4 2
setwidth inverter_core VGND 0.1
setvia 2 1 2
addNet netname VGND width 200 cuts 2 isPower False rows 1 cols 2
addPin2Net  5 3
addPin2Net pubs ver 6 3
routing grid off set -1200 -2000
PnR: routing finished  inverter_core
Writing Routing GDS Layout ./inverter_core.route.gds
Writing Dumb File ./inverter_core.ioPin
